\BOOKMARK [1][-]{section.1}{\376\377\000M\000a\000s\000t\000e\000r\000\040\000c\000h\000e\000a\000t\000-\000s\000h\000e\000e\000t\000\040\000o\000f\000\040\000n\000o\000t\000a\000t\000i\000o\000n}{}% 1
\BOOKMARK [1][-]{section.2}{\376\377\000P\000a\000r\000t\000\040\0001\000\040\040\024\000\040\000I\000n\000t\000r\000o\000d\000u\000c\000t\000i\000o\000n\000\040\000\050\000s\000l\000i\000d\000e\000s\000\040\0001\040\023\0008\000\051}{}% 2
\BOOKMARK [1][-]{section.3}{\376\377\000P\000a\000r\000t\000\040\0002\000\040\040\024\000\040\000M\000o\000t\000i\000v\000a\000t\000i\000n\000g\000\040\000e\000x\000a\000m\000p\000l\000e\000s\000\040\000\050\000s\000l\000i\000d\000e\000s\000\040\0009\040\023\0001\0004\000\051}{}% 3
\BOOKMARK [1][-]{section.4}{\376\377\000P\000a\000r\000t\000\040\0003\000\040\040\024\000\040\000G\000e\000n\000e\000r\000a\000l\000\040\000r\000e\000s\000u\000l\000t\000s\000\040\000\050\000s\000l\000i\000d\000e\000s\000\040\0001\0005\040\023\0002\0004\000\051}{}% 4
\BOOKMARK [1][-]{section.5}{\376\377\000P\000a\000r\000t\000\040\0004\000\040\040\024\000\040\000E\000x\000a\000m\000p\000l\000e\000s\000\040\000r\000e\000v\000i\000s\000i\000t\000e\000d\000\040\000\050\000s\000l\000i\000d\000e\000s\000\040\0002\0007\040\023\0002\0008\000\051}{}% 5
\BOOKMARK [1][-]{section.6}{\376\377\000P\000a\000r\000t\000\040\0005\000\040\040\024\000\040\000W\000r\000a\000p\000-\000u\000p}{}% 6
\BOOKMARK [1][-]{section.7}{\376\377\000C\000a\000t\000c\000h\000-\000a\000l\000l\000\040\000q\000u\000e\000s\000t\000i\000o\000n\000s\000\040\000t\000o\000\040\000b\000e\000\040\000r\000e\000a\000d\000y\000\040\000f\000o\000r}{}% 7
\BOOKMARK [1][-]{section.8}{\376\377\000M\000o\000d\000e\000s\000\040\000o\000f\000\040\000C\000o\000n\000v\000e\000r\000g\000e\000n\000c\000e\000\040\000U\000s\000e\000d\000\040\000i\000n\000\040\000t\000h\000e\000\040\000P\000a\000p\000e\000r}{}% 8
\BOOKMARK [2][-]{subsection.8.1}{\376\377\000S\000t\000a\000n\000d\000a\000r\000d\000\040\000c\000o\000n\000v\000e\000r\000g\000e\000n\000c\000e}{section.8}% 9
\BOOKMARK [2][-]{subsection.8.2}{\376\377\000B\000o\000o\000t\000s\000t\000r\000a\000p\000\040\000c\000o\000n\000v\000e\000r\000g\000e\000n\000c\000e}{section.8}% 10
\BOOKMARK [2][-]{subsection.8.3}{\376\377\000H\000o\000w\000\040\000t\000h\000e\000y\000\040\000r\000e\000l\000a\000t\000e\000\040\000i\000n\000\040\000t\000h\000e\000\040\000p\000a\000p\000e\000r}{section.8}% 11
\BOOKMARK [1][-]{section.9}{\376\377\000T\000w\000o\000\040\000K\000e\000y\000\040\000T\000h\000e\000o\000r\000e\000m\000s\000\040\000U\000s\000e\000d\000\040\000i\000n\000\040\000t\000h\000e\000\040\000P\000r\000o\000o\000f\000s}{}% 12
\BOOKMARK [2][-]{subsection.9.1}{\376\377\000P\000o\000l\000y\000a\000'\000s\000\040\000t\000h\000e\000o\000r\000e\000m}{section.9}% 13
\BOOKMARK [2][-]{subsection.9.2}{\376\377\000T\000h\000e\000\040\000p\000r\000o\000b\000a\000b\000i\000l\000i\000t\000y\000\040\000i\000n\000t\000e\000g\000r\000a\000l\000\040\000t\000r\000a\000n\000s\000f\000o\000r\000m\000\040\000\050\000P\000I\000T\000\051}{section.9}% 14
\BOOKMARK [1][-]{section.10}{\376\377\000R\000i\000d\000g\000e\000\040\000R\000e\000g\000r\000e\000s\000s\000i\000o\000n\000\040\000E\000x\000a\000m\000p\000l\000e\000\040\040\024\000\040\000F\000u\000l\000l\000\040\000W\000a\000l\000k\000t\000h\000r\000o\000u\000g\000h}{}% 15
\BOOKMARK [2][-]{subsection.10.1}{\376\377\000W\000h\000y\000\040\000r\000i\000d\000g\000e\000?\000\040\000W\000h\000e\000r\000e\000\040\000i\000s\000\040\000i\000t\000\040\000u\000s\000e\000d\000?}{section.10}% 16
\BOOKMARK [2][-]{subsection.10.2}{\376\377\000T\000h\000e\000\040\000m\000o\000d\000e\000l}{section.10}% 17
\BOOKMARK [2][-]{subsection.10.3}{\376\377\000T\000h\000e\000\040\000r\000i\000d\000g\000e\000\040\000e\000s\000t\000i\000m\000a\000t\000o\000r}{section.10}% 18
\BOOKMARK [2][-]{subsection.10.4}{\376\377\000T\000h\000e\000\040\000s\000o\000u\000r\000c\000e\000\040\000o\000f\000\040\000b\000i\000a\000s}{section.10}% 19
\BOOKMARK [2][-]{subsection.10.5}{\376\377\000T\000h\000e\000\040\000l\000o\000c\000a\000l\000-\000t\000o\000-\000z\000e\000r\000o\000\040\000f\000r\000a\000m\000e\000w\000o\000r\000k}{section.10}% 20
\BOOKMARK [2][-]{subsection.10.6}{\376\377\000T\000h\000e\000\040\000t\000e\000s\000t\000\040\000s\000t\000a\000t\000i\000s\000t\000i\000c\000\040\000a\000n\000d\000\040\000\050\0001\000.\0001\000\051}{section.10}% 21
\BOOKMARK [2][-]{subsection.10.7}{\376\377\000W\000h\000y\000\040\000B\000\040\000c\000a\000n\000n\000o\000t\000\040\000b\000e\000\040\000c\000o\000n\000s\000i\000s\000t\000e\000n\000t\000l\000y\000\040\000e\000s\000t\000i\000m\000a\000t\000e\000d}{section.10}% 22
\BOOKMARK [2][-]{subsection.10.8}{\376\377\000T\000h\000e\000\040\000b\000o\000o\000t\000s\000t\000r\000a\000p\000\040\000a\000n\000d\000\040\000\050\0001\000.\0002\000\051}{section.10}% 23
\BOOKMARK [2][-]{subsection.10.9}{\376\377\000T\000h\000e\000\040\000f\000a\000i\000l\000u\000r\000e\000:\000\040\000\050\0001\000.\0003\000\051}{section.10}% 24
\BOOKMARK [2][-]{subsection.10.10}{\376\377\000T\000h\000e\000\040\000f\000i\000x}{section.10}% 25
