\BOOKMARK [1][-]{section.1}{\376\377\000I\000n\000t\000r\000o\000d\000u\000c\000t\000i\000o\000n}{}% 1
\BOOKMARK [2][-]{subsection.1.1}{\376\377\000I\000n\000s\000t\000i\000t\000u\000t\000i\000o\000n\000a\000l\000\040\000S\000e\000t\000t\000i\000n\000g}{section.1}% 2
\BOOKMARK [2][-]{subsection.1.2}{\376\377\000D\000a\000t\000a}{section.1}% 3
\BOOKMARK [1][-]{section.2}{\376\377\000M\000o\000d\000e\000l\000\040\000s\000k\000e\000t\000c\000h}{}% 4
\BOOKMARK [2][-]{subsection.2.1}{\376\377\000E\000n\000v\000i\000r\000o\000n\000m\000e\000n\000t\000\040\000a\000n\000d\000\040\000t\000i\000m\000i\000n\000g}{section.2}% 5
\BOOKMARK [2][-]{subsection.2.2}{\376\377\000S\000o\000u\000r\000c\000e\000s\000\040\000o\000f\000\040\000h\000e\000t\000e\000r\000o\000g\000e\000n\000e\000i\000t\000y}{section.2}% 6
\BOOKMARK [2][-]{subsection.2.3}{\376\377\000G\000r\000a\000d\000e\000\040\000e\000q\000u\000a\000t\000i\000o\000n}{section.2}% 7
\BOOKMARK [2][-]{subsection.2.4}{\376\377\000S\000c\000h\000o\000o\000l\000'\000s\000\040\000i\000n\000f\000o\000r\000m\000a\000t\000i\000o\000n\000\040\000s\000e\000t\000\040\000a\000n\000d\000\040\000t\000h\000e\000\040\000D\000G\000P\000\040\000f\000o\000r\000\040\000Z}{section.2}% 8
\BOOKMARK [2][-]{subsection.2.5}{\376\377\000E\000q\000u\000i\000l\000i\000b\000r\000i\000u\000m\000\040\000r\000e\000c\000o\000m\000m\000e\000n\000d\000a\000t\000i\000o\000n\000\040\000r\000u\000l\000e}{section.2}% 9
\BOOKMARK [2][-]{subsection.2.6}{\376\377\000A\000l\000t\000e\000r\000n\000a\000t\000i\000v\000e\000\040\000s\000c\000h\000o\000o\000l\000\040\000r\000u\000l\000e}{section.2}% 10
\BOOKMARK [3][-]{subsubsection.2.6.1}{\376\377\000S\000t\000a\000g\000e\000\040\0001\000:\000\040\000T\000r\000a\000c\000k\000\040\000r\000e\000c\000o\000m\000m\000e\000n\000d\000a\000t\000i\000o\000n\000\040\000\050\000c\000a\000p\000a\000c\000i\000t\000y\000-\000c\000o\000n\000s\000t\000r\000a\000i\000n\000e\000d\000\051}{subsection.2.6}% 11
\BOOKMARK [3][-]{subsubsection.2.6.2}{\376\377\000S\000t\000a\000g\000e\000\040\0002\000:\000\040\000S\000u\000b\000t\000r\000a\000c\000k\000\040\000r\000e\000c\000o\000m\000m\000e\000n\000d\000a\000t\000i\000o\000n\000\040\000\050\000u\000n\000c\000o\000n\000s\000t\000a\000i\000n\000e\000d\000\051}{subsection.2.6}% 12
\BOOKMARK [3][-]{subsubsection.2.6.3}{\376\377\000T\000h\000e\000\040\000s\000c\000h\000o\000o\000l\000'\000s\000\040\000o\000b\000j\000e\000c\000t\000i\000v\000e\000\040\000\050\000S\000t\000a\000c\000k\000e\000l\000b\000e\000r\000g\000\051}{subsection.2.6}% 13
\BOOKMARK [3][-]{subsubsection.2.6.4}{\376\377\000E\000q\000u\000i\000l\000i\000b\000r\000i\000u\000m}{subsection.2.6}% 14
\BOOKMARK [2][-]{subsection.2.7}{\376\377\000S\000t\000u\000d\000e\000n\000t\000'\000s\000\040\000b\000e\000l\000i\000e\000f\000s\000\040\000a\000n\000d\000\040\000B\000a\000y\000e\000s\000i\000a\000n\000\040\000u\000p\000d\000a\000t\000i\000n\000g}{section.2}% 15
\BOOKMARK [2][-]{subsection.2.8}{\376\377\000S\000t\000a\000t\000e\000,\000\040\000a\000c\000t\000i\000o\000n\000,\000\040\000a\000n\000d\000\040\000d\000y\000n\000a\000m\000i\000c\000\040\000c\000h\000o\000i\000c\000e}{section.2}% 16
\BOOKMARK [2][-]{subsection.2.9}{\376\377\000C\000o\000u\000n\000t\000e\000r\000f\000a\000c\000t\000u\000a\000l\000s}{section.2}% 17
\BOOKMARK [2][-]{subsection.2.10}{\376\377\000M\000e\000a\000s\000u\000r\000e\000m\000e\000n\000t\000s\000\040\000a\000v\000a\000i\000a\000l\000b\000l\000e\000\040\000a\000t\000\040\000b\000a\000s\000e\000l\000i\000n\000e}{section.2}% 18
\BOOKMARK [2][-]{subsection.2.11}{\376\377\000E\000s\000t\000i\000m\000a\000t\000i\000o\000n}{section.2}% 19
\BOOKMARK [2][-]{subsection.2.12}{\376\377\000M\000o\000m\000e\000n\000t\000-\000m\000a\000t\000c\000h\000e\000d\000\040\000p\000o\000s\000t\000-\000r\000e\000c\000o\000m\000m\000e\000n\000d\000a\000t\000i\000o\000n\000\040\000p\000o\000s\000t\000e\000r\000i\000o\000r}{section.2}% 20
